// Jest Snapshot v1, https://goo.gl/fbAQLP

exports[`snapshot 1`] = `
<DocumentFragment>
  <h2>
    Random Post
  </h2>
  <div>
    <p>
      Loading...
    </p>
  </div>
</DocumentFragment>
`;
